============================= test session starts =============================
platform win32 -- Python 3.13.1, pytest-9.0.2, pluggy-1.6.0 -- C:\Python313\python.exe
cachedir: .pytest_cache
rootdir: C:\Users\brodi\OneDrive\Documents\Businesses\AI Safety Business
plugins: anyio-4.12.1, asyncio-1.3.0
asyncio: mode=Mode.STRICT, debug=False, asyncio_default_fixture_loop_scope=None, asyncio_default_test_loop_scope=function
collecting ... collected 26 items / 2 errors

=================================== ERRORS ====================================
________________ ERROR collecting tests/test_context_logic.py _________________
ImportError while importing test module 'C:\Users\brodi\OneDrive\Documents\Businesses\AI Safety Business\tests\test_context_logic.py'.
Hint: make sure your test modules/packages have valid Python names.
Traceback:
C:\Python313\Lib\importlib\__init__.py:88: in import_module
    return _bootstrap._gcd_import(name[level:], package, level)
           ^^^^^^^^^^^^^^^^^^^^^^^^^^^^^^^^^^^^^^^^^^^^^^^^^^^^
tests\test_context_logic.py:2: in <module>
    from median_shell.core.selector import FastIntentSelector
E   ModuleNotFoundError: No module named 'median_shell'
________________ ERROR collecting tests/test_quantile_logic.py ________________
ImportError while importing test module 'C:\Users\brodi\OneDrive\Documents\Businesses\AI Safety Business\tests\test_quantile_logic.py'.
Hint: make sure your test modules/packages have valid Python names.
Traceback:
C:\Python313\Lib\importlib\__init__.py:88: in import_module
    return _bootstrap._gcd_import(name[level:], package, level)
           ^^^^^^^^^^^^^^^^^^^^^^^^^^^^^^^^^^^^^^^^^^^^^^^^^^^^
tests\test_quantile_logic.py:3: in <module>
    from median_shell.core.selector import FastIntentSelector
E   ModuleNotFoundError: No module named 'median_shell'
=========================== short test summary info ===========================
ERROR tests/test_context_logic.py
ERROR tests/test_quantile_logic.py
!!!!!!!!!!!!!!!!!!! Interrupted: 2 errors during collection !!!!!!!!!!!!!!!!!!!
============================= 2 errors in 24.98s ==============================
